// Jest Snapshot v1, https://goo.gl/fbAQLP

exports[`ActionLink matches snapshot: ActionLink 1`] = `
<div
  className="govuk-action-link"
>
  <a
    className="govuk-action-link__link"
    href="/test"
  >
    <ArrowRightCircle />
    <span
      className="govuk-action-link__text"
    >
      Test
    </span>
  </a>
</div>
`;
